{
  "id" : 3,
  "username" : "kevin",
  "fullName" : "Kevin Systrom",
  "isPrivate" : false,
  "isVerified" : true,
  "biography" : "CEO & Co-founder of Instagram",
  "followedBy" : 1492539,
  "follows" : 628,
  "blockedByViewer" : "false",
  "countryBlock" : false,
  "followedByViewer" : false,
  "followsViewer" : false,
  "hasBlockedViewer" : false,
  "hasRequestedViewer" : false,
  "profilePicUrl" : "https://instagram.fhel3-1.fna.fbcdn.net/t51.2885-19/s150x150/13732144_1764457777134045_549538515_a.jpg",
  "profilePicUrlHd" : "https://instagram.fhel3-1.fna.fbcdn.net/t51.2885-19/s150x150/13732144_1764457777134045_549538515_a.jpg",
  "requestedByViewer" : false,
  "media" : {
    "nodes" : [ {
      "height" : 1350,
      "width" : 1080,
      "displayUrl" : "https://instagram.fhel3-1.fna.fbcdn.net/t51.2885-15/e35/23499010_145887036137283_8550485025328463872_n.jpg",
      "displayResources" : [ {
        "src" : "https://instagram.fhel3-1.fna.fbcdn.net/t51.2885-15/s150x150/e35/c0.135.1080.1080/23499010_145887036137283_8550485025328463872_n.jpg",
        "width" : 150,
        "height" : 150
      }, {
        "src" : "https://instagram.fhel3-1.fna.fbcdn.net/t51.2885-15/s240x240/e35/c0.135.1080.1080/23499010_145887036137283_8550485025328463872_n.jpg",
        "width" : 240,
        "height" : 240
      }, {
        "src" : "https://instagram.fhel3-1.fna.fbcdn.net/t51.2885-15/s320x320/e35/c0.135.1080.1080/23499010_145887036137283_8550485025328463872_n.jpg",
        "width" : 320,
        "height" : 320
      }, {
        "src" : "https://instagram.fhel3-1.fna.fbcdn.net/t51.2885-15/s480x480/e35/c0.135.1080.1080/23499010_145887036137283_8550485025328463872_n.jpg",
        "width" : 480,
        "height" : 480
      }, {
        "src" : "https://instagram.fhel3-1.fna.fbcdn.net/t51.2885-15/s640x640/sh0.08/e35/c0.135.1080.1080/23499010_145887036137283_8550485025328463872_n.jpg",
        "width" : 640,
        "height" : 640
      } ],
      "isVideo" : false,
      "mediaType" : "GraphImage",
      "id" : 1647319253809951090,
      "shortcode" : "BbcdCIrAPFy",
      "caption" : "Today is World Kindness Day, a day to recognize the power of kindness and compassion. As Instagram has grown into a community of more than 800M, it is our responsibility to keep Instagram the kindest, most welcoming community online and offline. That‚Äôs why, over the last few months, we‚Äôve been turning walls in cities around the world into colorful murals inspiring #kindcomments. One of these murals was created by artist Lakwena Maciver, whose work includes painting and large scale public works that explore mythology, philosophy, and faith. You can find her mural at the Houston Bowery Wall in New York City, where you can take a photo or video and share a #kindcomments to make someone‚Äôs day. Photo of @lakwena by @portraits",
      "commentCount" : 88,
      "commentsDisabled" : false,
      "takenAtTimestamp" : 1510595779000,
      "likeCount" : 2884,
      "owner" : {
        "id" : 3,
        "username" : "kevin",
        "fullName" : "Kevin Systrom",
        "isPrivate" : false,
        "isVerified" : true,
        "biography" : "CEO & Co-founder of Instagram",
        "followedBy" : 1492539,
        "follows" : 628,
        "blockedByViewer" : "false",
        "countryBlock" : false,
        "followedByViewer" : false,
        "followsViewer" : false,
        "hasBlockedViewer" : false,
        "hasRequestedViewer" : false,
        "profilePicUrl" : "https://instagram.fhel3-1.fna.fbcdn.net/t51.2885-19/s150x150/13732144_1764457777134045_549538515_a.jpg",
        "profilePicUrlHd" : "https://instagram.fhel3-1.fna.fbcdn.net/t51.2885-19/s150x150/13732144_1764457777134045_549538515_a.jpg",
        "requestedByViewer" : false
      },
      "created" : 1510595779000
    }, {
      "height" : 1350,
      "width" : 1080,
      "displayUrl" : "https://instagram.fhel3-1.fna.fbcdn.net/t51.2885-15/e35/23421527_292380107918541_973949083511160832_n.jpg",
      "displayResources" : [ {
        "src" : "https://instagram.fhel3-1.fna.fbcdn.net/t51.2885-15/s150x150/e35/c0.135.1080.1080/23421527_292380107918541_973949083511160832_n.jpg",
        "width" : 150,
        "height" : 150
      }, {
        "src" : "https://instagram.fhel3-1.fna.fbcdn.net/t51.2885-15/s240x240/e35/c0.135.1080.1080/23421527_292380107918541_973949083511160832_n.jpg",
        "width" : 240,
        "height" : 240
      }, {
        "src" : "https://instagram.fhel3-1.fna.fbcdn.net/t51.2885-15/s320x320/e35/c0.135.1080.1080/23421527_292380107918541_973949083511160832_n.jpg",
        "width" : 320,
        "height" : 320
      }, {
        "src" : "https://instagram.fhel3-1.fna.fbcdn.net/t51.2885-15/s480x480/e35/c0.135.1080.1080/23421527_292380107918541_973949083511160832_n.jpg",
        "width" : 480,
        "height" : 480
      }, {
        "src" : "https://instagram.fhel3-1.fna.fbcdn.net/t51.2885-15/s640x640/sh0.08/e35/c0.135.1080.1080/23421527_292380107918541_973949083511160832_n.jpg",
        "width" : 640,
        "height" : 640
      } ],
      "isVideo" : false,
      "mediaType" : "GraphSidecar",
      "id" : 1646097937849359742,
      "shortcode" : "BbYHVpjA51-",
      "caption" : "Veterans Day is a day for all Americans to recognize the sacrifice of the honorable men and women who have served our country. Both my grandfathers served in World War II, as did sixteen million other Americans we owe our freedom to. I‚Äôm thankful to them and to America‚Äôs service men and women today ‚Äî volunteers all ‚Äî who keep us safe.",
      "commentCount" : 93,
      "commentsDisabled" : false,
      "takenAtTimestamp" : 1510450187000,
      "likeCount" : 4906,
      "owner" : {
        "id" : 3,
        "username" : "kevin",
        "fullName" : "Kevin Systrom",
        "isPrivate" : false,
        "isVerified" : true,
        "biography" : "CEO & Co-founder of Instagram",
        "followedBy" : 1492539,
        "follows" : 628,
        "blockedByViewer" : "false",
        "countryBlock" : false,
        "followedByViewer" : false,
        "followsViewer" : false,
        "hasBlockedViewer" : false,
        "hasRequestedViewer" : false,
        "profilePicUrl" : "https://instagram.fhel3-1.fna.fbcdn.net/t51.2885-19/s150x150/13732144_1764457777134045_549538515_a.jpg",
        "profilePicUrlHd" : "https://instagram.fhel3-1.fna.fbcdn.net/t51.2885-19/s150x150/13732144_1764457777134045_549538515_a.jpg",
        "requestedByViewer" : false
      },
      "created" : 1510450187000
    }, {
      "height" : 1076,
      "width" : 1080,
      "displayUrl" : "https://instagram.fhel3-1.fna.fbcdn.net/t51.2885-15/e35/23161829_803941913140921_3254275717789122560_n.jpg",
      "displayResources" : [ {
        "src" : "https://instagram.fhel3-1.fna.fbcdn.net/t51.2885-15/s150x150/e35/c2.0.1076.1076/23161829_803941913140921_3254275717789122560_n.jpg",
        "width" : 150,
        "height" : 150
      }, {
        "src" : "https://instagram.fhel3-1.fna.fbcdn.net/t51.2885-15/s240x240/e35/c2.0.1076.1076/23161829_803941913140921_3254275717789122560_n.jpg",
        "width" : 240,
        "height" : 240
      }, {
        "src" : "https://instagram.fhel3-1.fna.fbcdn.net/t51.2885-15/s320x320/e35/c2.0.1076.1076/23161829_803941913140921_3254275717789122560_n.jpg",
        "width" : 320,
        "height" : 320
      }, {
        "src" : "https://instagram.fhel3-1.fna.fbcdn.net/t51.2885-15/s480x480/e35/c2.0.1076.1076/23161829_803941913140921_3254275717789122560_n.jpg",
        "width" : 480,
        "height" : 480
      }, {
        "src" : "https://instagram.fhel3-1.fna.fbcdn.net/t51.2885-15/s640x640/sh0.08/e35/c2.0.1076.1076/23161829_803941913140921_3254275717789122560_n.jpg",
        "width" : 640,
        "height" : 640
      } ],
      "isVideo" : false,
      "mediaType" : "GraphImage",
      "id" : 1638649395388063749,
      "shortcode" : "Ba9pvFzg6AF",
      "caption" : "Happy two years @nicole! üòç I can‚Äôt wait for our little girl to arrive so she can meet her beautiful, intelligent and loving mom üòò",
      "commentCount" : 372,
      "commentsDisabled" : false,
      "takenAtTimestamp" : 1509562251000,
      "likeCount" : 11215,
      "owner" : {
        "id" : 3,
        "username" : "kevin",
        "fullName" : "Kevin Systrom",
        "isPrivate" : false,
        "isVerified" : true,
        "biography" : "CEO & Co-founder of Instagram",
        "followedBy" : 1492539,
        "follows" : 628,
        "blockedByViewer" : "false",
        "countryBlock" : false,
        "followedByViewer" : false,
        "followsViewer" : false,
        "hasBlockedViewer" : false,
        "hasRequestedViewer" : false,
        "profilePicUrl" : "https://instagram.fhel3-1.fna.fbcdn.net/t51.2885-19/s150x150/13732144_1764457777134045_549538515_a.jpg",
        "profilePicUrlHd" : "https://instagram.fhel3-1.fna.fbcdn.net/t51.2885-19/s150x150/13732144_1764457777134045_549538515_a.jpg",
        "requestedByViewer" : false
      },
      "created" : 1509562251000
    }, {
      "height" : 862,
      "width" : 1080,
      "displayUrl" : "https://instagram.fhel3-1.fna.fbcdn.net/t51.2885-15/e35/22858203_520407981641736_3472075974680510464_n.jpg",
      "displayResources" : [ {
        "src" : "https://instagram.fhel3-1.fna.fbcdn.net/t51.2885-15/s150x150/e35/c109.0.862.862/22858203_520407981641736_3472075974680510464_n.jpg",
        "width" : 150,
        "height" : 150
      }, {
        "src" : "https://instagram.fhel3-1.fna.fbcdn.net/t51.2885-15/s240x240/e35/c109.0.862.862/22858203_520407981641736_3472075974680510464_n.jpg",
        "width" : 240,
        "height" : 240
      }, {
        "src" : "https://instagram.fhel3-1.fna.fbcdn.net/t51.2885-15/s320x320/e35/c109.0.862.862/22858203_520407981641736_3472075974680510464_n.jpg",
        "width" : 320,
        "height" : 320
      }, {
        "src" : "https://instagram.fhel3-1.fna.fbcdn.net/t51.2885-15/s480x480/e35/c109.0.862.862/22858203_520407981641736_3472075974680510464_n.jpg",
        "width" : 480,
        "height" : 480
      }, {
        "src" : "https://instagram.fhel3-1.fna.fbcdn.net/t51.2885-15/s640x640/sh0.08/e35/c109.0.862.862/22858203_520407981641736_3472075974680510464_n.jpg",
        "width" : 640,
        "height" : 640
      } ],
      "isVideo" : false,
      "mediaType" : "GraphImage",
      "id" : 1637864293687100074,
      "shortcode" : "Ba63OW3hAKq",
      "caption" : "@Dolly wishes everyone a happy Halloween! üéÉ This year she asked to be a Lion but we really think she was angling for a bunch of new toys üòù",
      "commentCount" : 201,
      "commentsDisabled" : false,
      "takenAtTimestamp" : 1509468660000,
      "likeCount" : 9062,
      "owner" : {
        "id" : 3,
        "username" : "kevin",
        "fullName" : "Kevin Systrom",
        "isPrivate" : false,
        "isVerified" : true,
        "biography" : "CEO & Co-founder of Instagram",
        "followedBy" : 1492539,
        "follows" : 628,
        "blockedByViewer" : "false",
        "countryBlock" : false,
        "followedByViewer" : false,
        "followsViewer" : false,
        "hasBlockedViewer" : false,
        "hasRequestedViewer" : false,
        "profilePicUrl" : "https://instagram.fhel3-1.fna.fbcdn.net/t51.2885-19/s150x150/13732144_1764457777134045_549538515_a.jpg",
        "profilePicUrlHd" : "https://instagram.fhel3-1.fna.fbcdn.net/t51.2885-19/s150x150/13732144_1764457777134045_549538515_a.jpg",
        "requestedByViewer" : false
      },
      "created" : 1509468660000
    }, {
      "height" : 1080,
      "width" : 1080,
      "displayUrl" : "https://instagram.fhel3-1.fna.fbcdn.net/t51.2885-15/e35/22639499_1454023074646352_7020349780203143168_n.jpg",
      "displayResources" : [ {
        "src" : "https://instagram.fhel3-1.fna.fbcdn.net/t51.2885-15/s150x150/e35/22639499_1454023074646352_7020349780203143168_n.jpg",
        "width" : 150,
        "height" : 150
      }, {
        "src" : "https://instagram.fhel3-1.fna.fbcdn.net/t51.2885-15/s240x240/e35/22639499_1454023074646352_7020349780203143168_n.jpg",
        "width" : 240,
        "height" : 240
      }, {
        "src" : "https://instagram.fhel3-1.fna.fbcdn.net/t51.2885-15/s320x320/e35/22639499_1454023074646352_7020349780203143168_n.jpg",
        "width" : 320,
        "height" : 320
      }, {
        "src" : "https://instagram.fhel3-1.fna.fbcdn.net/t51.2885-15/s480x480/e35/22639499_1454023074646352_7020349780203143168_n.jpg",
        "width" : 480,
        "height" : 480
      }, {
        "src" : "https://instagram.fhel3-1.fna.fbcdn.net/t51.2885-15/s640x640/sh0.08/e35/22639499_1454023074646352_7020349780203143168_n.jpg",
        "width" : 640,
        "height" : 640
      } ],
      "isVideo" : false,
      "mediaType" : "GraphSidecar",
      "id" : 1632122968329355722,
      "shortcode" : "BamdzE9BwHK",
      "caption" : "Last week I sat down with @mrporterlive to discuss Instagram‚Äôs focus on craft, design and kindness. The article is up now as part of The Journal on mrporter.com - as part of the article we did a fun photo shoot here in the office so I‚Äôm sharing a couple of the best shots üôåüèª",
      "commentCount" : 493,
      "commentsDisabled" : false,
      "takenAtTimestamp" : 1508784241000,
      "likeCount" : 7778,
      "owner" : {
        "id" : 3,
        "username" : "kevin",
        "fullName" : "Kevin Systrom",
        "isPrivate" : false,
        "isVerified" : true,
        "biography" : "CEO & Co-founder of Instagram",
        "followedBy" : 1492539,
        "follows" : 628,
        "blockedByViewer" : "false",
        "countryBlock" : false,
        "followedByViewer" : false,
        "followsViewer" : false,
        "hasBlockedViewer" : false,
        "hasRequestedViewer" : false,
        "profilePicUrl" : "https://instagram.fhel3-1.fna.fbcdn.net/t51.2885-19/s150x150/13732144_1764457777134045_549538515_a.jpg",
        "profilePicUrlHd" : "https://instagram.fhel3-1.fna.fbcdn.net/t51.2885-19/s150x150/13732144_1764457777134045_549538515_a.jpg",
        "requestedByViewer" : false
      },
      "created" : 1508784241000
    }, {
      "height" : 862,
      "width" : 1080,
      "displayUrl" : "https://instagram.fhel3-1.fna.fbcdn.net/t51.2885-15/e35/22426925_1480047805442906_1801993665506181120_n.jpg",
      "displayResources" : [ {
        "src" : "https://instagram.fhel3-1.fna.fbcdn.net/t51.2885-15/s150x150/e35/c109.0.862.862/22426925_1480047805442906_1801993665506181120_n.jpg",
        "width" : 150,
        "height" : 150
      }, {
        "src" : "https://instagram.fhel3-1.fna.fbcdn.net/t51.2885-15/s240x240/e35/c109.0.862.862/22426925_1480047805442906_1801993665506181120_n.jpg",
        "width" : 240,
        "height" : 240
      }, {
        "src" : "https://instagram.fhel3-1.fna.fbcdn.net/t51.2885-15/s320x320/e35/c109.0.862.862/22426925_1480047805442906_1801993665506181120_n.jpg",
        "width" : 320,
        "height" : 320
      }, {
        "src" : "https://instagram.fhel3-1.fna.fbcdn.net/t51.2885-15/s480x480/e35/c109.0.862.862/22426925_1480047805442906_1801993665506181120_n.jpg",
        "width" : 480,
        "height" : 480
      }, {
        "src" : "https://instagram.fhel3-1.fna.fbcdn.net/t51.2885-15/s640x640/sh0.08/e35/c109.0.862.862/22426925_1480047805442906_1801993665506181120_n.jpg",
        "width" : 640,
        "height" : 640
      } ],
      "isVideo" : false,
      "mediaType" : "GraphImage",
      "id" : 1624312156633796520,
      "shortcode" : "BaKt0zsgY-o",
      "caption" : "Today @ansel and I went live on @instagram to talk about new features of Live and our commitment to kindness on IG. Check out the video on the @instagram account!",
      "commentCount" : 289,
      "commentsDisabled" : false,
      "takenAtTimestamp" : 1507853119000,
      "likeCount" : 10605,
      "owner" : {
        "id" : 3,
        "username" : "kevin",
        "fullName" : "Kevin Systrom",
        "isPrivate" : false,
        "isVerified" : true,
        "biography" : "CEO & Co-founder of Instagram",
        "followedBy" : 1492539,
        "follows" : 628,
        "blockedByViewer" : "false",
        "countryBlock" : false,
        "followedByViewer" : false,
        "followsViewer" : false,
        "hasBlockedViewer" : false,
        "hasRequestedViewer" : false,
        "profilePicUrl" : "https://instagram.fhel3-1.fna.fbcdn.net/t51.2885-19/s150x150/13732144_1764457777134045_549538515_a.jpg",
        "profilePicUrlHd" : "https://instagram.fhel3-1.fna.fbcdn.net/t51.2885-19/s150x150/13732144_1764457777134045_549538515_a.jpg",
        "requestedByViewer" : false
      },
      "created" : 1507853119000
    }, {
      "height" : 864,
      "width" : 1080,
      "displayUrl" : "https://instagram.fhel3-1.fna.fbcdn.net/t51.2885-15/e35/22351958_144137916205565_6923513639366295552_n.jpg",
      "displayResources" : [ {
        "src" : "https://instagram.fhel3-1.fna.fbcdn.net/t51.2885-15/s150x150/e35/c108.0.864.864/22351958_144137916205565_6923513639366295552_n.jpg",
        "width" : 150,
        "height" : 150
      }, {
        "src" : "https://instagram.fhel3-1.fna.fbcdn.net/t51.2885-15/s240x240/e35/c108.0.864.864/22351958_144137916205565_6923513639366295552_n.jpg",
        "width" : 240,
        "height" : 240
      }, {
        "src" : "https://instagram.fhel3-1.fna.fbcdn.net/t51.2885-15/s320x320/e35/c108.0.864.864/22351958_144137916205565_6923513639366295552_n.jpg",
        "width" : 320,
        "height" : 320
      }, {
        "src" : "https://instagram.fhel3-1.fna.fbcdn.net/t51.2885-15/s480x480/e35/c108.0.864.864/22351958_144137916205565_6923513639366295552_n.jpg",
        "width" : 480,
        "height" : 480
      }, {
        "src" : "https://instagram.fhel3-1.fna.fbcdn.net/t51.2885-15/s640x640/sh0.08/e35/c108.0.864.864/22351958_144137916205565_6923513639366295552_n.jpg",
        "width" : 640,
        "height" : 640
      } ],
      "isVideo" : false,
      "mediaType" : "GraphSidecar",
      "id" : 1624161336743314458,
      "shortcode" : "BaKLiFugkQa",
      "caption" : "This morning, I attended Vogue‚Äôs Forces of Fashion conference, where I joined @marcjacobs and Vogue‚Äôs Sally Singer on stage to talk all things fashion and Instagram. Afterwards, I was able to meet a bunch of young fashion enthusiasts to learn how they use Instagram to find inspiration. Scroll through to see more!",
      "commentCount" : 132,
      "commentsDisabled" : false,
      "takenAtTimestamp" : 1507835140000,
      "likeCount" : 5219,
      "owner" : {
        "id" : 3,
        "username" : "kevin",
        "fullName" : "Kevin Systrom",
        "isPrivate" : false,
        "isVerified" : true,
        "biography" : "CEO & Co-founder of Instagram",
        "followedBy" : 1492539,
        "follows" : 628,
        "blockedByViewer" : "false",
        "countryBlock" : false,
        "followedByViewer" : false,
        "followsViewer" : false,
        "hasBlockedViewer" : false,
        "hasRequestedViewer" : false,
        "profilePicUrl" : "https://instagram.fhel3-1.fna.fbcdn.net/t51.2885-19/s150x150/13732144_1764457777134045_549538515_a.jpg",
        "profilePicUrlHd" : "https://instagram.fhel3-1.fna.fbcdn.net/t51.2885-19/s150x150/13732144_1764457777134045_549538515_a.jpg",
        "requestedByViewer" : false
      },
      "created" : 1507835140000
    }, {
      "height" : 1350,
      "width" : 1080,
      "displayUrl" : "https://instagram.fhel3-1.fna.fbcdn.net/t51.2885-15/e35/21690597_264013367452440_474254631036256256_n.jpg",
      "displayResources" : [ {
        "src" : "https://instagram.fhel3-1.fna.fbcdn.net/t51.2885-15/s150x150/e35/c0.135.1080.1080/21690597_264013367452440_474254631036256256_n.jpg",
        "width" : 150,
        "height" : 150
      }, {
        "src" : "https://instagram.fhel3-1.fna.fbcdn.net/t51.2885-15/s240x240/e35/c0.135.1080.1080/21690597_264013367452440_474254631036256256_n.jpg",
        "width" : 240,
        "height" : 240
      }, {
        "src" : "https://instagram.fhel3-1.fna.fbcdn.net/t51.2885-15/s320x320/e35/c0.135.1080.1080/21690597_264013367452440_474254631036256256_n.jpg",
        "width" : 320,
        "height" : 320
      }, {
        "src" : "https://instagram.fhel3-1.fna.fbcdn.net/t51.2885-15/s480x480/e35/c0.135.1080.1080/21690597_264013367452440_474254631036256256_n.jpg",
        "width" : 480,
        "height" : 480
      }, {
        "src" : "https://instagram.fhel3-1.fna.fbcdn.net/t51.2885-15/s640x640/sh0.08/e35/c0.135.1080.1080/21690597_264013367452440_474254631036256256_n.jpg",
        "width" : 640,
        "height" : 640
      } ],
      "isVideo" : false,
      "mediaType" : "GraphImage",
      "id" : 1604762797663700810,
      "shortcode" : "BZFQ0MXgcdK",
      "caption" : "Maroon Bells üîî",
      "commentCount" : 1037,
      "commentsDisabled" : false,
      "takenAtTimestamp" : 1505522654000,
      "likeCount" : 9429,
      "owner" : {
        "id" : 3,
        "username" : "kevin",
        "fullName" : "Kevin Systrom",
        "isPrivate" : false,
        "isVerified" : true,
        "biography" : "CEO & Co-founder of Instagram",
        "followedBy" : 1492539,
        "follows" : 628,
        "blockedByViewer" : "false",
        "countryBlock" : false,
        "followedByViewer" : false,
        "followsViewer" : false,
        "hasBlockedViewer" : false,
        "hasRequestedViewer" : false,
        "profilePicUrl" : "https://instagram.fhel3-1.fna.fbcdn.net/t51.2885-19/s150x150/13732144_1764457777134045_549538515_a.jpg",
        "profilePicUrlHd" : "https://instagram.fhel3-1.fna.fbcdn.net/t51.2885-19/s150x150/13732144_1764457777134045_549538515_a.jpg",
        "requestedByViewer" : false
      },
      "created" : 1505522654000
    }, {
      "height" : 1350,
      "width" : 1080,
      "displayUrl" : "https://instagram.fhel3-1.fna.fbcdn.net/t51.2885-15/e35/21480252_1723146024394683_703265053217914880_n.jpg",
      "displayResources" : [ {
        "src" : "https://instagram.fhel3-1.fna.fbcdn.net/t51.2885-15/s150x150/e35/c0.135.1080.1080/21480252_1723146024394683_703265053217914880_n.jpg",
        "width" : 150,
        "height" : 150
      }, {
        "src" : "https://instagram.fhel3-1.fna.fbcdn.net/t51.2885-15/s240x240/e35/c0.135.1080.1080/21480252_1723146024394683_703265053217914880_n.jpg",
        "width" : 240,
        "height" : 240
      }, {
        "src" : "https://instagram.fhel3-1.fna.fbcdn.net/t51.2885-15/s320x320/e35/c0.135.1080.1080/21480252_1723146024394683_703265053217914880_n.jpg",
        "width" : 320,
        "height" : 320
      }, {
        "src" : "https://instagram.fhel3-1.fna.fbcdn.net/t51.2885-15/s480x480/e35/c0.135.1080.1080/21480252_1723146024394683_703265053217914880_n.jpg",
        "width" : 480,
        "height" : 480
      }, {
        "src" : "https://instagram.fhel3-1.fna.fbcdn.net/t51.2885-15/s640x640/sh0.08/e35/c0.135.1080.1080/21480252_1723146024394683_703265053217914880_n.jpg",
        "width" : 640,
        "height" : 640
      } ],
      "isVideo" : false,
      "mediaType" : "GraphImage",
      "id" : 1602580176007758813,
      "shortcode" : "BY9gi3jBoPd",
      "caption" : "Last week I rode nearly 800km around Japan. I left the pristine streets of Tokyo, through the dense forests around Shirakawa Mura, to the cultural center of Kyoto. The route was demanding but the views and experiences made it worthwhile. As tired as I was at the end of each day, I stayed up sampling local food, learning more about the villages we were staying in, and connecting with other passionate cyclists. I reached out to @tokyocyclist on IG and he was nice enough to show me around! While I am happy to be back at home with @nicole and @dolly, I am grateful for the experience and friendships built along the way.",
      "commentCount" : 173,
      "commentsDisabled" : false,
      "takenAtTimestamp" : 1505262465000,
      "likeCount" : 7795,
      "owner" : {
        "id" : 3,
        "username" : "kevin",
        "fullName" : "Kevin Systrom",
        "isPrivate" : false,
        "isVerified" : true,
        "biography" : "CEO & Co-founder of Instagram",
        "followedBy" : 1492539,
        "follows" : 628,
        "blockedByViewer" : "false",
        "countryBlock" : false,
        "followedByViewer" : false,
        "followsViewer" : false,
        "hasBlockedViewer" : false,
        "hasRequestedViewer" : false,
        "profilePicUrl" : "https://instagram.fhel3-1.fna.fbcdn.net/t51.2885-19/s150x150/13732144_1764457777134045_549538515_a.jpg",
        "profilePicUrlHd" : "https://instagram.fhel3-1.fna.fbcdn.net/t51.2885-19/s150x150/13732144_1764457777134045_549538515_a.jpg",
        "requestedByViewer" : false
      },
      "created" : 1505262465000
    }, {
      "height" : 807,
      "width" : 1080,
      "displayUrl" : "https://instagram.fhel3-1.fna.fbcdn.net/t51.2885-15/e35/21435605_1984598318451089_415580288236650496_n.jpg",
      "displayResources" : [ {
        "src" : "https://instagram.fhel3-1.fna.fbcdn.net/t51.2885-15/s150x150/e35/c136.0.807.807/21435605_1984598318451089_415580288236650496_n.jpg",
        "width" : 150,
        "height" : 150
      }, {
        "src" : "https://instagram.fhel3-1.fna.fbcdn.net/t51.2885-15/s240x240/e35/c136.0.807.807/21435605_1984598318451089_415580288236650496_n.jpg",
        "width" : 240,
        "height" : 240
      }, {
        "src" : "https://instagram.fhel3-1.fna.fbcdn.net/t51.2885-15/s320x320/e35/c136.0.807.807/21435605_1984598318451089_415580288236650496_n.jpg",
        "width" : 320,
        "height" : 320
      }, {
        "src" : "https://instagram.fhel3-1.fna.fbcdn.net/t51.2885-15/s480x480/e35/c136.0.807.807/21435605_1984598318451089_415580288236650496_n.jpg",
        "width" : 480,
        "height" : 480
      }, {
        "src" : "https://instagram.fhel3-1.fna.fbcdn.net/t51.2885-15/s640x640/sh0.08/e35/c136.0.807.807/21435605_1984598318451089_415580288236650496_n.jpg",
        "width" : 640,
        "height" : 640
      } ],
      "isVideo" : false,
      "mediaType" : "GraphImage",
      "id" : 1598469600255736140,
      "shortcode" : "BYu56HjgPlM",
      "caption" : "Today I rode 100mi in rural Japan through forests and in canyons along rivers. About half way in we turned a corner and saw this! Japan may be one of the most beautiful places on earth‚Äîespecially when it's pouring rain üáØüáµ",
      "commentCount" : 328,
      "commentsDisabled" : false,
      "takenAtTimestamp" : 1504772447000,
      "likeCount" : 10334,
      "owner" : {
        "id" : 3,
        "username" : "kevin",
        "fullName" : "Kevin Systrom",
        "isPrivate" : false,
        "isVerified" : true,
        "biography" : "CEO & Co-founder of Instagram",
        "followedBy" : 1492539,
        "follows" : 628,
        "blockedByViewer" : "false",
        "countryBlock" : false,
        "followedByViewer" : false,
        "followsViewer" : false,
        "hasBlockedViewer" : false,
        "hasRequestedViewer" : false,
        "profilePicUrl" : "https://instagram.fhel3-1.fna.fbcdn.net/t51.2885-19/s150x150/13732144_1764457777134045_549538515_a.jpg",
        "profilePicUrlHd" : "https://instagram.fhel3-1.fna.fbcdn.net/t51.2885-19/s150x150/13732144_1764457777134045_549538515_a.jpg",
        "requestedByViewer" : false
      },
      "created" : 1504772447000
    }, {
      "height" : 1080,
      "width" : 1080,
      "displayUrl" : "https://instagram.fhel3-1.fna.fbcdn.net/t51.2885-15/e35/21147775_788287388010515_846657789139877888_n.jpg",
      "displayResources" : [ {
        "src" : "https://instagram.fhel3-1.fna.fbcdn.net/t51.2885-15/s150x150/e35/21147775_788287388010515_846657789139877888_n.jpg",
        "width" : 150,
        "height" : 150
      }, {
        "src" : "https://instagram.fhel3-1.fna.fbcdn.net/t51.2885-15/s240x240/e35/21147775_788287388010515_846657789139877888_n.jpg",
        "width" : 240,
        "height" : 240
      }, {
        "src" : "https://instagram.fhel3-1.fna.fbcdn.net/t51.2885-15/s320x320/e35/21147775_788287388010515_846657789139877888_n.jpg",
        "width" : 320,
        "height" : 320
      }, {
        "src" : "https://instagram.fhel3-1.fna.fbcdn.net/t51.2885-15/s480x480/e35/21147775_788287388010515_846657789139877888_n.jpg",
        "width" : 480,
        "height" : 480
      }, {
        "src" : "https://instagram.fhel3-1.fna.fbcdn.net/t51.2885-15/s640x640/sh0.08/e35/21147775_788287388010515_846657789139877888_n.jpg",
        "width" : 640,
        "height" : 640
      } ],
      "isVideo" : false,
      "mediaType" : "GraphImage",
      "id" : 1589969511967179684,
      "shortcode" : "BYQtNjcgUOk",
      "caption" : "@dolly was so happy this morning when I mentioned it's #nationaldogday üòù",
      "commentCount" : 631,
      "commentsDisabled" : false,
      "takenAtTimestamp" : 1503759157000,
      "likeCount" : 15474,
      "owner" : {
        "id" : 3,
        "username" : "kevin",
        "fullName" : "Kevin Systrom",
        "isPrivate" : false,
        "isVerified" : true,
        "biography" : "CEO & Co-founder of Instagram",
        "followedBy" : 1492539,
        "follows" : 628,
        "blockedByViewer" : "false",
        "countryBlock" : false,
        "followedByViewer" : false,
        "followsViewer" : false,
        "hasBlockedViewer" : false,
        "hasRequestedViewer" : false,
        "profilePicUrl" : "https://instagram.fhel3-1.fna.fbcdn.net/t51.2885-19/s150x150/13732144_1764457777134045_549538515_a.jpg",
        "profilePicUrlHd" : "https://instagram.fhel3-1.fna.fbcdn.net/t51.2885-19/s150x150/13732144_1764457777134045_549538515_a.jpg",
        "requestedByViewer" : false
      },
      "created" : 1503759157000
    }, {
      "height" : 754,
      "width" : 1080,
      "displayUrl" : "https://instagram.fhel3-1.fna.fbcdn.net/t51.2885-15/e35/21041119_273771473109705_5973398407417430016_n.jpg",
      "displayResources" : [ {
        "src" : "https://instagram.fhel3-1.fna.fbcdn.net/t51.2885-15/s150x150/e35/c163.0.754.754/21041119_273771473109705_5973398407417430016_n.jpg",
        "width" : 150,
        "height" : 150
      }, {
        "src" : "https://instagram.fhel3-1.fna.fbcdn.net/t51.2885-15/s240x240/e35/c163.0.754.754/21041119_273771473109705_5973398407417430016_n.jpg",
        "width" : 240,
        "height" : 240
      }, {
        "src" : "https://instagram.fhel3-1.fna.fbcdn.net/t51.2885-15/s320x320/e35/c163.0.754.754/21041119_273771473109705_5973398407417430016_n.jpg",
        "width" : 320,
        "height" : 320
      }, {
        "src" : "https://instagram.fhel3-1.fna.fbcdn.net/t51.2885-15/s480x480/e35/c163.0.754.754/21041119_273771473109705_5973398407417430016_n.jpg",
        "width" : 480,
        "height" : 480
      }, {
        "src" : "https://instagram.fhel3-1.fna.fbcdn.net/t51.2885-15/s640x640/sh0.08/e35/c163.0.754.754/21041119_273771473109705_5973398407417430016_n.jpg",
        "width" : 640,
        "height" : 640
      } ],
      "isVideo" : false,
      "mediaType" : "GraphImage",
      "id" : 1588975174500275531,
      "shortcode" : "BYNLIChANVL",
      "caption" : "My favorite thing about working at Instagram is the team I get to work with. Tonight, @nicole and I hosted the people who help run Instagram. They're a supremely talented and fun bunch that make the app we all love work! Thanks to them and the rest of the team for all they do to make IG great!",
      "commentCount" : 206,
      "commentsDisabled" : false,
      "takenAtTimestamp" : 1503640623000,
      "likeCount" : 7282,
      "owner" : {
        "id" : 3,
        "username" : "kevin",
        "fullName" : "Kevin Systrom",
        "isPrivate" : false,
        "isVerified" : true,
        "biography" : "CEO & Co-founder of Instagram",
        "followedBy" : 1492539,
        "follows" : 628,
        "blockedByViewer" : "false",
        "countryBlock" : false,
        "followedByViewer" : false,
        "followsViewer" : false,
        "hasBlockedViewer" : false,
        "hasRequestedViewer" : false,
        "profilePicUrl" : "https://instagram.fhel3-1.fna.fbcdn.net/t51.2885-19/s150x150/13732144_1764457777134045_549538515_a.jpg",
        "profilePicUrlHd" : "https://instagram.fhel3-1.fna.fbcdn.net/t51.2885-19/s150x150/13732144_1764457777134045_549538515_a.jpg",
        "requestedByViewer" : false
      },
      "created" : 1503640623000
    } ],
    "count" : 1576,
    "pageInfo" : {
      "hasNextPage" : true,
      "endCursor" : "AQCnCx81OkoR_dGwWve_2CfwYsNIqGNlOXPf7PoM4DyCftdQEHZ2OPdT8X4K_ixN2g7NpH6i4rG3O_x7KfDRf9xCbCmrV7i-3lgKxDE8veDo_g"
    }
  }
}